--- SUBJECTS DEBUG ---
Name: Mathematics
ID: 695a5473405c06a445068ac2
Schedules: [{"grade":"Grade 07","day":"Tuesday","startDate":"2026-01-06T00:00:00.000Z","_id":"695d240c9adcb8089e64cbc8"},{"grade":"Grade 08","day":"Wednesday","startDate":"2026-01-07T00:00:00.000Z","_id":"695d240c9adcb8089e64cbc9"},{"grade":"Grade 09","day":"Friday","startDate":"2026-01-09T00:00:00.000Z","_id":"695d240c9adcb8089e64cbca"},{"grade":"Grade 10","day":"Thursday","startDate":"2026-01-08T00:00:00.000Z","_id":"695d240c9adcb8089e64cbcb"},{"grade":"Grade 11","day":"Thursday","startDate":"2026-01-08T00:00:00.000Z","_id":"695d240c9adcb8089e64cbcc"},{"grade":"Grade 06","day":"Monday","startDate":"2026-01-19T10:19:03.447Z","_id":"696e05175fc09c5cbfad2a9d"},{"grade":"Grade 06 2027","day":"Monday","_id":"6ab4d0e37386d3fbaeb937c4"}]
------------------------
Name: English
ID: 695a5480405c06a445068acb
Schedules: []
------------------------
Name: ICT
ID: 695a548c405c06a445068ad6
Schedules: []
------------------------
Name: Science
ID: 695a549c405c06a445068adf
Schedules: []
------------------------
Name: Grade 03 Scholarship
ID: 695a54bf405c06a445068ae9
Schedules: [{"grade":"Grade 03","day":"Sunday","startDate":"2026-01-20T00:58:44.102Z","_id":"696ed344a9a7be8b37413bea"}]
------------------------
Name: Business and Accounting Studies
ID: 695a5592405c06a445068b9c
Schedules: [{"grade":"Grade 10","day":"Sunday","startDate":"2026-01-20T00:58:44.546Z","_id":"696ed344a9a7be8b37413bf0"},{"grade":"Grade 11","day":"Sunday","startDate":"2026-01-20T00:58:44.546Z","_id":"696ed344a9a7be8b37413bf1"}]
------------------------
Name: Mathematics Rapid Revision
ID: 6a4a79ed50d1853bb8a1a5da
Schedules: [{"grade":"Rapid Revision","day":"Wednesday","_id":"6aafcd97e00a449792e0b4f8"}]
------------------------
Name: Science Rapid Revision
ID: 6a7bf37737a9beca3d45a70c
Schedules: []
------------------------
Name: Sinhala
ID: 6ac3332fa4bcf5abc2d6777b
Schedules: []
------------------------
